55:            if method == "GET" and path == "/api/v1/health":
58:            if method == "GET" and path == "/api/v1/auth":
61:            if method == "POST" and path == "/api/v1/auth/google":
84:            if method == "POST" and path == "/api/v1/auth/logout":
94:            if method == "GET" and path == "/api/v1/auth/session":
106:            if method == "GET" and path == "/api/v1/workflow":
110:            if method == "GET" and path == "/api/v1/phase3/workspace":
115:            if method == "GET" and path == "/api/v1/generation/models":
120:            if method == "GET" and path == "/api/v1/generation/credits":
125:            if method == "GET" and path == "/api/v1/generation/jobs":
130:            if method == "POST" and path == "/api/v1/onboarding/crawl":
153:            if method == "GET" and path == "/api/v1/onboarding/profile":
161:            if method == "PATCH" and path == "/api/v1/onboarding/profile":
167:            if method == "POST" and path == "/api/v1/onboarding/profile/confirm":
173:            if method == "POST" and path == "/api/v1/generation/jobs":
210:            if method == "PATCH" and path == "/api/v1/phase3/brand-kit":
214:            if method == "POST" and path == "/api/v1/phase3/content-batches":
218:            if method == "POST" and path == "/api/v1/phase3/content-sources":
222:            if method == "POST" and path == "/api/v1/phase3/creator-style-video-workflows":
242:            if method == "POST" and path == "/api/v1/phase3/ai-assistant/replies":
251:            if method == "POST" and path == "/api/v1/phase3/competitor-sources":
255:            if method == "POST" and path == "/api/v1/phase3/template-imports":
259:            if method == "POST" and path == "/api/v1/phase3/approval-feedback":
263:            if method == "POST" and path == "/api/v1/phase3/review-notifications":
267:            if method == "POST" and path == "/api/v1/phase3/proof-events":
354:            if method == "GET" and path == "/api/v1/debug/publish-jobs":
359:            if method == "GET" and path == "/api/v1/admin/publish-jobs":
395:            if method == "GET" and path == "/api/v1/channels/health":
400:                    self.send_json(store.get_channel_health(conn, merchant_id, platform=platform))
415:                        store.set_channel_health(conn, merchant_id, channel_action["channel_id"], "connected"),
419:            if method == "GET" and path == "/api/v1/tiktok/creator-info":
426:            if method == "GET" and path == "/api/v1/tiktok/media-policy":
431:            if method == "POST" and path == "/api/v1/tiktok/creator-info/refresh":
438:            if method == "GET" and path == "/api/v1/facebook/connection":
442:            if method == "GET" and path == "/api/v1/facebook/pages":
447:            if method == "POST" and path == "/api/v1/facebook/pages/select":
452:            if method == "POST" and path == "/api/v1/facebook/pages/switch":
457:            if method == "GET" and path == "/api/v1/facebook/oauth/start":
461:            if method == "GET" and path == "/api/v1/facebook/oauth/callback":
465:            if method == "POST" and path == "/api/v1/campaigns":
