ai_assistant_replies
analytics_insights
approval_feedback
approval_review_links
approvals
asset_library_items
brand_kits
business_profiles
calendar_slots
campaigns
channel_registry
competitor_ideas
competitor_sources
connected_channels
content_batches
content_sources
creative_bulk_variants
creative_idea_variants
creative_language_variants
creative_media_assets
creative_templates
creative_ugc_packages
creator_style_workflows
credit_accounts
credit_ledger
draft_versions
facebook_page_tokens
generated_creatives
generation_attempts
generation_jobs
generation_model_catalog
generation_outputs
idempotency_keys
imported_templates
media_assets
merchant_profiles
merchants
performance_snapshots
platform_drafts
proof_events
proof_links
provider_token_boundaries
publish_attempts
publish_dispatch_queue
publish_events
publish_jobs
publish_outcomes
rendered_media_outputs
review_notifications
scheduled_posts
sessions
users
