1126:  "Brand & Social Accounts",
1139:  "Brand & Social Accounts": "▣",
1150:  "brand-kit": "Brand & Social Accounts",
1151:  "brand-and-social-accounts": "Brand & Social Accounts",
1167:  settings: "Brand & Social Accounts",
1168:  "connected-accounts": "Brand & Social Accounts",
1217:  "Approval Queue": {
1222:  "Brand & Social Accounts": {
1224:    title: "Brand & Social Accounts",
2187:    module: "Brand & Social Accounts",
3830:  const [connectSessionPages, setConnectSessionPages] = useState([]);
4260:          ["Native outputs", String(plans.length), plans.length ? "Facebook and TikTok backend drafts" : "Loading workflow"],
4472:      showAppToast("Image attached to Facebook draft.");
4579:      setAppToast("Facebook Page connected. You can publish approved Facebook drafts live.");
4581:    const connectSession = params.get("connectSession");
4582:    if (connectSession) {
4583:      loadFacebookPages(connectSession)
4587:          setPendingConnectSession(connectSession);
5052:      nextParams.delete("connectSession");
5055:      setAppToast("Facebook Page connected. You can publish approved Facebook drafts live.");
5216:      showAppToast("All available drafts are already approved.");
5502:      showAppToast("Live publishing is available for Facebook drafts first.");
5506:      showAppToast("Approve this exact Facebook draft before publishing live.");
6765:                              {facebookConnection.connectedPages.length ? "Reconnect Facebook" : "Connect Facebook"}
6871:                        onReconnect={() => setActiveModule("Brand & Social Accounts")}
6911:                        <li>Backend-owned Facebook and TikTok drafts with captions and CTAs.</li>
7831:                              {facebookConnection.connectedPages.length ? "Reconnect Facebook" : "Connect Facebook"}
7866:                        onReconnect={() => setActiveModule("Brand & Social Accounts")}
7929:                    <h2>{pendingPlans.length} drafts need owner review</h2>
7941:                    Approve all safe drafts
8049:                    <p className="app-kicker">Brand & Social Accounts</p>
8057:                    {facebookConnection.connectedPages.length ? "Reconnect Facebook" : "Connect Facebook"}
8122:                      {(pendingConnectSession ? connectSessionPages : pagePickerPages).map((page) => (
8124:                          className={(selectedFacebookPageId || (pendingConnectSession ? connectSessionPages[0]?.pageId : pagePickerPages[0]?.pageId)) === page.pageId ? "active" : ""}
8391:                        selectModule("Brand & Social Accounts");
8849:                                  {genAttachPending === output.id ? "Attaching..." : "Use for Facebook post"}
9187:                          ["▣", "Brand & Social Accounts", ""],
9848:                              <button type="button" onClick={() => selectModule("Brand & Social Accounts")}>
