
 publish_jobs
(0, 'id', 'TEXT', 0, None, 1)
(1, 'approval_id', 'TEXT', 0, None, 0)
(2, 'platform', 'TEXT', 0, None, 0)
(3, 'status', 'TEXT', 1, None, 0)
(4, 'created_at', 'TEXT', 1, None, 0)
(5, 'updated_at', 'TEXT', 1, None, 0)

 publish_attempts
(0, 'id', 'TEXT', 0, None, 1)
(1, 'publish_job_id', 'TEXT', 0, None, 0)
(2, 'attempt_number', 'INTEGER', 1, None, 0)
(3, 'status', 'TEXT', 1, None, 0)
(4, 'trace_id', 'TEXT', 1, None, 0)
(5, 'request_digest', 'TEXT', 1, None, 0)
(6, 'diagnostics_json', 'TEXT', 1, None, 0)
(7, 'retry_classification', 'TEXT', 0, None, 0)
(8, 'started_at', 'TEXT', 0, None, 0)
(9, 'finished_at', 'TEXT', 0, None, 0)
(10, 'created_at', 'TEXT', 1, None, 0)
(11, 'updated_at', 'TEXT', 1, None, 0)

 publish_events
(0, 'id', 'TEXT', 0, None, 1)
(1, 'publish_job_id', 'TEXT', 0, None, 0)
(2, 'event_type', 'TEXT', 1, None, 0)
(3, 'status', 'TEXT', 0, None, 0)
(4, 'summary', 'TEXT', 1, None, 0)
(5, 'actor', 'TEXT', 1, None, 0)
(6, 'source_actor', 'TEXT', 0, None, 0)
(7, 'attempt_number', 'INTEGER', 0, None, 0)
(8, 'created_at', 'TEXT', 1, None, 0)

 platform_drafts
(0, 'id', 'TEXT', 0, None, 1)
(1, 'campaign_id', 'TEXT', 1, None, 0)
(2, 'merchant_id', 'TEXT', 1, None, 0)
(3, 'connected_channel_id', 'TEXT', 1, None, 0)
(4, 'platform', 'TEXT', 1, None, 0)
(5, 'status', 'TEXT', 1, None, 0)
(6, 'current_version_id', 'TEXT', 0, None, 0)
(7, 'created_at', 'TEXT', 1, None, 0)
(8, 'updated_at', 'TEXT', 1, None, 0)

 rendered_media_outputs
(0, 'id', 'TEXT', 0, None, 1)
(1, 'media_asset_id', 'TEXT', 1, None, 0)
(2, 'creative_id', 'TEXT', 1, None, 0)
(3, 'merchant_id', 'TEXT', 1, None, 0)
(4, 'output_kind', 'TEXT', 1, None, 0)
(5, 'format', 'TEXT', 1, None, 0)
(6, 'mime_type', 'TEXT', 1, None, 0)
(7, 'storage_ref', 'TEXT', 1, None, 0)
(8, 'preview_data_url', 'TEXT', 1, None, 0)
(9, 'status', 'TEXT', 1, None, 0)
(10, 'metadata_json', 'TEXT', 1, None, 0)
(11, 'created_at', 'TEXT', 1, None, 0)
(12, 'updated_at', 'TEXT', 1, None, 0)
