1 108 'import React, { createContext, useCallback, useContext, useEffect, useMemo, useR'
2 46 'import { createRoot } from "react-dom/client";'
3 66 'import { Link, useLocation, useNavigate } from "react-router-dom";'
4 22 'import "./styles.css";'
5 8 'import {'
6 25 '  applyPhase3IdeaVariant,'
7 22 '  approveDraftVersion,'
8 31 '  createPhase3ApprovalFeedback,'
9 31 '  createPhase3AiAssistantReply,'
10 29 '  createPhase3BulkVariations,'
11 31 '  createPhase3CompetitorSource,'
12 27 '  createPhase3ContentBatch,'
13 36 '  createPhase3ContentBatchFromReply,'
14 28 '  createPhase3ContentSource,'
15 40 '  createPhase3CreatorStyleVideoWorkflow,'
16 27 '  createPhase3IdeaVariants,'
17 31 '  createPhase3LanguageVariants,'
18 27 '  createPhase3MediaVariant,'
19 33 '  createPhase3ReviewNotification,'
20 29 '  createPhase3TemplateImport,'
21 34 '  createPhase3UgcVoiceoverPackage,'
22 15 '  crawlWebsite,'
23 11 '  devLogin,'
24 34 '  generatePhase3CreatorStyleVideo,'
25 14 '  googleLogin,'
26 27 '  confirmOnboardingProfile,'
27 23 '  loadAuthCapabilities,'
28 25 '  loadFacebookConnection,'
29 20 '  loadFacebookPages,'
30 24 '  loadOnboardingProfile,'
