total 10098
1 'import React, { createContext, useCallback, useContext, useEffect, useMemo, useRef, useState } from "react";'
2 'import { createRoot } from "react-dom/client";'
3 'import { Link, useLocation, useNavigate } from "react-router-dom";'
4 'import "./styles.css";'
5 'import {'
6 '  applyPhase3IdeaVariant,'
7 '  approveDraftVersion,'
8 '  createPhase3ApprovalFeedback,'
9 '  createPhase3AiAssistantReply,'
10 '  createPhase3BulkVariations,'
11 '  createPhase3CompetitorSource,'
12 '  createPhase3ContentBatch,'
13 '  createPhase3ContentBatchFromReply,'
14 '  createPhase3ContentSource,'
15 '  createPhase3CreatorStyleVideoWorkflow,'
16 '  createPhase3IdeaVariants,'
17 '  createPhase3LanguageVariants,'
18 '  createPhase3MediaVariant,'
19 '  createPhase3ReviewNotification,'
20 '  createPhase3TemplateImport,'
21 '  createPhase3UgcVoiceoverPackage,'
22 '  crawlWebsite,'
23 '  devLogin,'
24 '  generatePhase3CreatorStyleVideo,'
25 '  googleLogin,'
26 '  confirmOnboardingProfile,'
27 '  loadAuthCapabilities,'
28 '  loadFacebookConnection,'
29 '  loadFacebookPages,'
