/Users/huijie/DMA/.gsd-worktrees/M001/backend/app/store.py
/Users/huijie/DMA/.gsd-worktrees/M001/backend/app/google_auth.py
/Users/huijie/DMA/.gsd-worktrees/M001/backend/app/sessions.py
/Users/huijie/DMA/.gsd-worktrees/M001/backend/app/server.py
/Users/huijie/DMA/.gsd-worktrees/M001/backend/app/token_boundary.py
/Users/huijie/DMA/.gsd-worktrees/M001/backend/app/facebook_oauth.py
/Users/huijie/DMA/.gsd-worktrees/M001/backend/app/facebook_publisher.py
/Users/huijie/DMA/.gsd-worktrees/M001/backend/app/tiktok_publisher.py
/Users/huijie/DMA/.gsd-worktrees/M001/backend/app/contracts.py
/Users/huijie/DMA/.gsd-worktrees/M001/backend/app/facebook_token_vault.py
/Users/huijie/DMA/.gsd-worktrees/M001/backend/app/website_crawl.py
/Users/huijie/DMA/.gsd-worktrees/M001/backend/app/token_crypto.py
/Users/huijie/DMA/.gsd-worktrees/M001/backend/app/fake_publisher.py
/Users/huijie/DMA/.gsd-worktrees/M001/backend/tests/test_tiktok_failure_taxonomy.py
/Users/huijie/DMA/.gsd-worktrees/M001/backend/tests/test_publish_approval.py
/Users/huijie/DMA/.gsd-worktrees/M001/backend/tests/test_google_auth.py
/Users/huijie/DMA/.gsd-worktrees/M001/backend/tests/test_channel_registry.py
/Users/huijie/DMA/.gsd-worktrees/M001/backend/tests/test_session_auth.py
/Users/huijie/DMA/.gsd-worktrees/M001/backend/tests/test_tiktok_publish_routes.py
/Users/huijie/DMA/.gsd-worktrees/M001/backend/tests/test_channel_disconnect.py
/Users/huijie/DMA/.gsd-worktrees/M001/backend/tests/test_token_boundary.py
/Users/huijie/DMA/.gsd-worktrees/M001/backend/tests/test_facebook_oauth.py
/Users/huijie/DMA/.gsd-worktrees/M001/backend/tests/test_fake_publish_lifecycle.py
/Users/huijie/DMA/.gsd-worktrees/M001/backend/tests/test_tiktok_media_validation.py
/Users/huijie/DMA/.gsd-worktrees/M001/backend/tests/test_tiktok_direct_post_gate.py
/Users/huijie/DMA/.gsd-worktrees/M001/backend/tests/test_facebook_publisher.py
/Users/huijie/DMA/.gsd-worktrees/M001/backend/tests/test_scheduled_posts.py
/Users/huijie/DMA/.gsd-worktrees/M001/backend/tests/test_admin_console.py
/Users/huijie/DMA/.gsd-worktrees/M001/backend/tests/test_retry_redaction_idempotency.py
/Users/huijie/DMA/.gsd-worktrees/M001/backend/tests/test_phase3_workspace.py
/Users/huijie/DMA/.gsd-worktrees/M001/backend/tests/test_evidence_export.py
/Users/huijie/DMA/.gsd-worktrees/M001/backend/tests/test_debug_redaction.py
/Users/huijie/DMA/.gsd-worktrees/M001/backend/tests/test_website_crawl.py
/Users/huijie/DMA/.gsd-worktrees/M001/backend/tests/test_facebook_token_store.py
/Users/huijie/DMA/.gsd-worktrees/M001/backend/tests/test_tiktok_creator_info.py
/Users/huijie/DMA/.gsd-worktrees/M001/backend/tests/test_tiktok_disclosure_gates.py
/Users/huijie/DMA/.gsd-worktrees/M001/backend/tests/test_channel_health.py
---
/Users/huijie/DMA/.gsd-worktrees/M001/src/publishing/workflow.js
/Users/huijie/DMA/.gsd-worktrees/M001/src/models/publishing.js
/Users/huijie/DMA/.gsd-worktrees/M001/src/storage/preferences.js
/Users/huijie/DMA/.gsd-worktrees/M001/src/api/publishingClient.js
