3690:  );
3691:}
3692:
3693:export function AppDemo() {
3694:  const navigate = useNavigate();
3695:  const location = useLocation();
3696:  const [session, setSession] = useState(null);
3697:  const [authStatus, setAuthStatus] = useState("loading");
3698:  const [onboardingProfile, setOnboardingProfile] = useState(null);
3699:  const [onboardingResolved, setOnboardingResolved] = useState(false);
3700:
3701:  useEffect(() => {
3702:    let cancelled = false;
3703:    loadSession()
3704:      .then((data) => {
3705:        if (!cancelled) {
3706:          setSession(data);
3707:          setAuthStatus("authenticated");
3708:        }
3709:      })
3710:      .catch(() => {
3711:        if (!cancelled) {
3712:          setAuthStatus("unauthenticated");
3713:          navigate("/");
3714:        }
3715:      });
3716:    return () => { cancelled = true; };
3717:  }, [navigate]);
3718:  const initialModule = useMemo(() => {
3719:    const queryModule = moduleFromSlug(new URLSearchParams(location.search).get("module"));
3720:    return queryModule || loadStoredModule();
3721:  }, [location.search]);
3722:  const [activeModule, setActiveModule] = useState(initialModule);
3723:  const [selectedPost, setSelectedPost] = useState(() => loadStoredIndex("localpilot-demo-selected-post"));
3724:  const [selectedChannel, setSelectedChannel] = useState(() => loadStoredIndex("localpilot-demo-selected-channel"));
3725:  const [selectedInbox, setSelectedInbox] = useState(() => loadStoredIndex("localpilot-demo-selected-inbox"));
3726:  const [selectedWalkthrough, setSelectedWalkthrough] = useState(() =>
3727:    loadStoredIndex("localpilot-demo-selected-walkthrough"),
3728:  );
3729:  const [workflow, setWorkflow] = useState(() => normalizeWorkflow());
3730:  const [workflowStatus, setWorkflowStatus] = useState("loading");
3731:  const [workflowError, setWorkflowError] = useState("");
3732:  const [phase3Workspace, setPhase3Workspace] = useState(emptyPhase3Workspace);
3733:  const [phase3Status, setPhase3Status] = useState("loading");
3734:  const [phase3Error, setPhase3Error] = useState("");
