============================= test session starts ==============================
platform darwin -- Python 3.14.6, pytest-9.1.1, pluggy-1.6.0 -- /opt/homebrew/opt/python@3.14/bin/python3.14
cachedir: .pytest_cache
rootdir: /Users/huijie/DMA
collecting ... collected 5 items

backend/tests/test_facebook_oauth.py::FacebookOAuthTest::test_callback_returns_db_connect_session_and_strips_page_tokens PASSED [ 20%]
backend/tests/test_facebook_oauth.py::FacebookOAuthTest::test_facebook_auth_provider_delegates_existing_oauth_helpers PASSED [ 40%]
backend/tests/test_facebook_oauth.py::FacebookOAuthTest::test_login_url_uses_code_flow_scopes_redirect_uri_and_db_state PASSED [ 60%]
backend/tests/test_facebook_oauth.py::FacebookOAuthTest::test_reset_for_tests_clears_db_oauth_sessions PASSED [ 80%]
backend/tests/test_facebook_oauth.py::FacebookOAuthTest::test_select_page_persists_expiry_metadata_and_consumes_connect_session FAILED [100%]

=================================== FAILURES ===================================
_ FacebookOAuthTest.test_select_page_persists_expiry_metadata_and_consumes_connect_session _

self = <test_facebook_oauth.FacebookOAuthTest testMethod=test_select_page_persists_expiry_metadata_and_consumes_connect_session>

    def test_select_page_persists_expiry_metadata_and_consumes_connect_session(self):
        with self.env(), patch.object(facebook_oauth, "graph_get", side_effect=self.graph_get), patch("builtins.print") as mock_print:
            login_url = facebook_oauth.build_login_url(conn=self.conn)
            state = parse_qs(urlparse(login_url).query)["state"][0]
            return_url = facebook_oauth.complete_callback(self.conn, {"state": [state], "code": ["oauth_code"]})
            session_id = parse_qs(urlparse(return_url).query)["connectSession"][0]
            status = facebook_oauth.select_page(self.conn, session_id, "1243605852158721")
    
        self.assertEqual("1243605852158721", status["activePage"]["pageId"])
>       self.assertEqual("page_token_should_not_escape", facebook_token_vault.get_page_token("1243605852158721", conn=self.conn))
E       AssertionError: 'page_token_should_not_escape' != None

backend/tests/test_facebook_oauth.py:107: AssertionError
=========================== short test summary info ============================
FAILED backend/tests/test_facebook_oauth.py::FacebookOAuthTest::test_select_page_persists_expiry_metadata_and_consumes_connect_session
========================= 1 failed, 4 passed in 0.17s ==========================
